2021-02-23 01:49:33 INFO  ClientConnectionSTOMP:23 - Starting websocket java application
2021-02-23 01:49:33 ERROR ClientConnectionSTOMP:40 - Some error has occured while establishing socket connection
2021-02-23 01:49:33 ERROR ClientConnectionSTOMP:41 - class java.util.concurrent.ExecutionException: org.springframework.web.client.ResourceAccessException: I/O error on GET request for "http://192.168.0.110:8091/ws/info": Connection refused; nested exception is java.net.ConnectException: Connection refused: org.springframework.web.client.ResourceAccessException: I/O error on GET request for "http://192.168.0.110:8091/ws/info": Connection refused; nested exception is java.net.ConnectException: Connection refused
java.util.concurrent.ExecutionException: org.springframework.web.client.ResourceAccessException: I/O error on GET request for "http://192.168.0.110:8091/ws/info": Connection refused; nested exception is java.net.ConnectException: Connection refused
	at java.base/java.util.concurrent.FutureTask.report(FutureTask.java:122)
	at java.base/java.util.concurrent.FutureTask.get(FutureTask.java:191)
	at org.springframework.util.concurrent.SettableListenableFuture.get(SettableListenableFuture.java:119)
	at com.websocket.serverapp.ClientConnectionSTOMP.main(ClientConnectionSTOMP.java:35)
Caused by: org.springframework.web.client.ResourceAccessException: I/O error on GET request for "http://192.168.0.110:8091/ws/info": Connection refused; nested exception is java.net.ConnectException: Connection refused
	at org.springframework.web.client.RestTemplate.doExecute(RestTemplate.java:751)
	at org.springframework.web.client.RestTemplate.execute(RestTemplate.java:717)
	at org.springframework.web.socket.sockjs.client.RestTemplateXhrTransport.executeInfoRequestInternal(RestTemplateXhrTransport.java:138)
	at org.springframework.web.socket.sockjs.client.AbstractXhrTransport.executeInfoRequest(AbstractXhrTransport.java:128)
	at org.springframework.web.socket.sockjs.client.SockJsClient.getServerInfo(SockJsClient.java:294)
	at org.springframework.web.socket.sockjs.client.SockJsClient.doHandshake(SockJsClient.java:260)
	at org.springframework.web.socket.messaging.WebSocketStompClient.connect(WebSocketStompClient.java:270)
	at org.springframework.web.socket.messaging.WebSocketStompClient.connect(WebSocketStompClient.java:250)
	at org.springframework.web.socket.messaging.WebSocketStompClient.connect(WebSocketStompClient.java:230)
	at org.springframework.web.socket.messaging.WebSocketStompClient.connect(WebSocketStompClient.java:214)
	... 1 more
Caused by: java.net.ConnectException: Connection refused
	at java.base/sun.nio.ch.Net.connect0(Native Method)
	at java.base/sun.nio.ch.Net.connect(Net.java:574)
	at java.base/sun.nio.ch.Net.connect(Net.java:563)
	at java.base/sun.nio.ch.NioSocketImpl.connect(NioSocketImpl.java:588)
	at java.base/java.net.Socket.connect(Socket.java:648)
	at java.base/java.net.Socket.connect(Socket.java:597)
	at java.base/sun.net.NetworkClient.doConnect(NetworkClient.java:182)
	at java.base/sun.net.www.http.HttpClient.openServer(HttpClient.java:474)
	at java.base/sun.net.www.http.HttpClient.openServer(HttpClient.java:569)
	at java.base/sun.net.www.http.HttpClient.<init>(HttpClient.java:242)
	at java.base/sun.net.www.http.HttpClient.New(HttpClient.java:341)
	at java.base/sun.net.www.http.HttpClient.New(HttpClient.java:362)
	at java.base/sun.net.www.protocol.http.HttpURLConnection.getNewHttpClient(HttpURLConnection.java:1261)
	at java.base/sun.net.www.protocol.http.HttpURLConnection.plainConnect0(HttpURLConnection.java:1194)
	at java.base/sun.net.www.protocol.http.HttpURLConnection.plainConnect(HttpURLConnection.java:1082)
	at java.base/sun.net.www.protocol.http.HttpURLConnection.connect(HttpURLConnection.java:1016)
	at org.springframework.http.client.SimpleBufferingClientHttpRequest.executeInternal(SimpleBufferingClientHttpRequest.java:76)
	at org.springframework.http.client.AbstractBufferingClientHttpRequest.executeInternal(AbstractBufferingClientHttpRequest.java:48)
	at org.springframework.http.client.AbstractClientHttpRequest.execute(AbstractClientHttpRequest.java:53)
	at org.springframework.web.client.RestTemplate.doExecute(RestTemplate.java:742)
	... 10 more
2021-02-23 01:49:42 INFO  ClientConnectionSTOMP:23 - Starting websocket java application
2021-02-23 01:49:43 ERROR ClientConnectionSTOMP:40 - Some error has occured while establishing socket connection
2021-02-23 01:49:43 ERROR ClientConnectionSTOMP:41 - class java.util.concurrent.ExecutionException: org.springframework.web.client.ResourceAccessException: I/O error on GET request for "http://192.168.0.110:8091/ws/info": Connection refused; nested exception is java.net.ConnectException: Connection refused: org.springframework.web.client.ResourceAccessException: I/O error on GET request for "http://192.168.0.110:8091/ws/info": Connection refused; nested exception is java.net.ConnectException: Connection refused
java.util.concurrent.ExecutionException: org.springframework.web.client.ResourceAccessException: I/O error on GET request for "http://192.168.0.110:8091/ws/info": Connection refused; nested exception is java.net.ConnectException: Connection refused
	at java.base/java.util.concurrent.FutureTask.report(FutureTask.java:122)
	at java.base/java.util.concurrent.FutureTask.get(FutureTask.java:191)
	at org.springframework.util.concurrent.SettableListenableFuture.get(SettableListenableFuture.java:119)
	at com.websocket.serverapp.ClientConnectionSTOMP.main(ClientConnectionSTOMP.java:35)
Caused by: org.springframework.web.client.ResourceAccessException: I/O error on GET request for "http://192.168.0.110:8091/ws/info": Connection refused; nested exception is java.net.ConnectException: Connection refused
	at org.springframework.web.client.RestTemplate.doExecute(RestTemplate.java:751)
	at org.springframework.web.client.RestTemplate.execute(RestTemplate.java:717)
	at org.springframework.web.socket.sockjs.client.RestTemplateXhrTransport.executeInfoRequestInternal(RestTemplateXhrTransport.java:138)
	at org.springframework.web.socket.sockjs.client.AbstractXhrTransport.executeInfoRequest(AbstractXhrTransport.java:128)
	at org.springframework.web.socket.sockjs.client.SockJsClient.getServerInfo(SockJsClient.java:294)
	at org.springframework.web.socket.sockjs.client.SockJsClient.doHandshake(SockJsClient.java:260)
	at org.springframework.web.socket.messaging.WebSocketStompClient.connect(WebSocketStompClient.java:270)
	at org.springframework.web.socket.messaging.WebSocketStompClient.connect(WebSocketStompClient.java:250)
	at org.springframework.web.socket.messaging.WebSocketStompClient.connect(WebSocketStompClient.java:230)
	at org.springframework.web.socket.messaging.WebSocketStompClient.connect(WebSocketStompClient.java:214)
	... 1 more
Caused by: java.net.ConnectException: Connection refused
	at java.base/sun.nio.ch.Net.connect0(Native Method)
	at java.base/sun.nio.ch.Net.connect(Net.java:574)
	at java.base/sun.nio.ch.Net.connect(Net.java:563)
	at java.base/sun.nio.ch.NioSocketImpl.connect(NioSocketImpl.java:588)
	at java.base/java.net.Socket.connect(Socket.java:648)
	at java.base/java.net.Socket.connect(Socket.java:597)
	at java.base/sun.net.NetworkClient.doConnect(NetworkClient.java:182)
	at java.base/sun.net.www.http.HttpClient.openServer(HttpClient.java:474)
	at java.base/sun.net.www.http.HttpClient.openServer(HttpClient.java:569)
	at java.base/sun.net.www.http.HttpClient.<init>(HttpClient.java:242)
	at java.base/sun.net.www.http.HttpClient.New(HttpClient.java:341)
	at java.base/sun.net.www.http.HttpClient.New(HttpClient.java:362)
	at java.base/sun.net.www.protocol.http.HttpURLConnection.getNewHttpClient(HttpURLConnection.java:1261)
	at java.base/sun.net.www.protocol.http.HttpURLConnection.plainConnect0(HttpURLConnection.java:1194)
	at java.base/sun.net.www.protocol.http.HttpURLConnection.plainConnect(HttpURLConnection.java:1082)
	at java.base/sun.net.www.protocol.http.HttpURLConnection.connect(HttpURLConnection.java:1016)
	at org.springframework.http.client.SimpleBufferingClientHttpRequest.executeInternal(SimpleBufferingClientHttpRequest.java:76)
	at org.springframework.http.client.AbstractBufferingClientHttpRequest.executeInternal(AbstractBufferingClientHttpRequest.java:48)
	at org.springframework.http.client.AbstractClientHttpRequest.execute(AbstractClientHttpRequest.java:53)
	at org.springframework.web.client.RestTemplate.doExecute(RestTemplate.java:742)
	... 10 more
2021-02-23 02:10:03 INFO  ClientConnectionSTOMP:23 - Starting websocket java application
2021-02-23 02:10:03 ERROR ClientConnectionSTOMP:40 - Some error has occured while establishing socket connection
2021-02-23 02:10:03 ERROR ClientConnectionSTOMP:41 - class java.util.concurrent.ExecutionException: org.springframework.web.client.ResourceAccessException: I/O error on GET request for "http://192.168.0.110:8091/ws/info": Connection refused; nested exception is java.net.ConnectException: Connection refused: org.springframework.web.client.ResourceAccessException: I/O error on GET request for "http://192.168.0.110:8091/ws/info": Connection refused; nested exception is java.net.ConnectException: Connection refused
java.util.concurrent.ExecutionException: org.springframework.web.client.ResourceAccessException: I/O error on GET request for "http://192.168.0.110:8091/ws/info": Connection refused; nested exception is java.net.ConnectException: Connection refused
	at java.base/java.util.concurrent.FutureTask.report(FutureTask.java:122)
	at java.base/java.util.concurrent.FutureTask.get(FutureTask.java:191)
	at org.springframework.util.concurrent.SettableListenableFuture.get(SettableListenableFuture.java:119)
	at com.websocket.serverapp.ClientConnectionSTOMP.main(ClientConnectionSTOMP.java:35)
Caused by: org.springframework.web.client.ResourceAccessException: I/O error on GET request for "http://192.168.0.110:8091/ws/info": Connection refused; nested exception is java.net.ConnectException: Connection refused
	at org.springframework.web.client.RestTemplate.doExecute(RestTemplate.java:751)
	at org.springframework.web.client.RestTemplate.execute(RestTemplate.java:717)
	at org.springframework.web.socket.sockjs.client.RestTemplateXhrTransport.executeInfoRequestInternal(RestTemplateXhrTransport.java:138)
	at org.springframework.web.socket.sockjs.client.AbstractXhrTransport.executeInfoRequest(AbstractXhrTransport.java:128)
	at org.springframework.web.socket.sockjs.client.SockJsClient.getServerInfo(SockJsClient.java:294)
	at org.springframework.web.socket.sockjs.client.SockJsClient.doHandshake(SockJsClient.java:260)
	at org.springframework.web.socket.messaging.WebSocketStompClient.connect(WebSocketStompClient.java:270)
	at org.springframework.web.socket.messaging.WebSocketStompClient.connect(WebSocketStompClient.java:250)
	at org.springframework.web.socket.messaging.WebSocketStompClient.connect(WebSocketStompClient.java:230)
	at org.springframework.web.socket.messaging.WebSocketStompClient.connect(WebSocketStompClient.java:214)
	... 1 more
Caused by: java.net.ConnectException: Connection refused
	at java.base/sun.nio.ch.Net.connect0(Native Method)
	at java.base/sun.nio.ch.Net.connect(Net.java:574)
	at java.base/sun.nio.ch.Net.connect(Net.java:563)
	at java.base/sun.nio.ch.NioSocketImpl.connect(NioSocketImpl.java:588)
	at java.base/java.net.Socket.connect(Socket.java:648)
	at java.base/java.net.Socket.connect(Socket.java:597)
	at java.base/sun.net.NetworkClient.doConnect(NetworkClient.java:182)
	at java.base/sun.net.www.http.HttpClient.openServer(HttpClient.java:474)
	at java.base/sun.net.www.http.HttpClient.openServer(HttpClient.java:569)
	at java.base/sun.net.www.http.HttpClient.<init>(HttpClient.java:242)
	at java.base/sun.net.www.http.HttpClient.New(HttpClient.java:341)
	at java.base/sun.net.www.http.HttpClient.New(HttpClient.java:362)
	at java.base/sun.net.www.protocol.http.HttpURLConnection.getNewHttpClient(HttpURLConnection.java:1261)
	at java.base/sun.net.www.protocol.http.HttpURLConnection.plainConnect0(HttpURLConnection.java:1194)
	at java.base/sun.net.www.protocol.http.HttpURLConnection.plainConnect(HttpURLConnection.java:1082)
	at java.base/sun.net.www.protocol.http.HttpURLConnection.connect(HttpURLConnection.java:1016)
	at org.springframework.http.client.SimpleBufferingClientHttpRequest.executeInternal(SimpleBufferingClientHttpRequest.java:76)
	at org.springframework.http.client.AbstractBufferingClientHttpRequest.executeInternal(AbstractBufferingClientHttpRequest.java:48)
	at org.springframework.http.client.AbstractClientHttpRequest.execute(AbstractClientHttpRequest.java:53)
	at org.springframework.web.client.RestTemplate.doExecute(RestTemplate.java:742)
	... 10 more
2021-02-23 02:11:59 INFO  ClientConnectionSTOMP:23 - Starting websocket java application
2021-02-23 02:11:59 ERROR ClientConnectionSTOMP:40 - Some error has occured while establishing socket connection
2021-02-23 02:11:59 ERROR ClientConnectionSTOMP:41 - class java.util.concurrent.ExecutionException: org.springframework.web.client.ResourceAccessException: I/O error on GET request for "http://192.168.0.110:8091/ws/info": Connection refused; nested exception is java.net.ConnectException: Connection refused: org.springframework.web.client.ResourceAccessException: I/O error on GET request for "http://192.168.0.110:8091/ws/info": Connection refused; nested exception is java.net.ConnectException: Connection refused
java.util.concurrent.ExecutionException: org.springframework.web.client.ResourceAccessException: I/O error on GET request for "http://192.168.0.110:8091/ws/info": Connection refused; nested exception is java.net.ConnectException: Connection refused
	at java.base/java.util.concurrent.FutureTask.report(FutureTask.java:122)
	at java.base/java.util.concurrent.FutureTask.get(FutureTask.java:191)
	at org.springframework.util.concurrent.SettableListenableFuture.get(SettableListenableFuture.java:119)
	at com.websocket.serverapp.ClientConnectionSTOMP.main(ClientConnectionSTOMP.java:35)
Caused by: org.springframework.web.client.ResourceAccessException: I/O error on GET request for "http://192.168.0.110:8091/ws/info": Connection refused; nested exception is java.net.ConnectException: Connection refused
	at org.springframework.web.client.RestTemplate.doExecute(RestTemplate.java:751)
	at org.springframework.web.client.RestTemplate.execute(RestTemplate.java:717)
	at org.springframework.web.socket.sockjs.client.RestTemplateXhrTransport.executeInfoRequestInternal(RestTemplateXhrTransport.java:138)
	at org.springframework.web.socket.sockjs.client.AbstractXhrTransport.executeInfoRequest(AbstractXhrTransport.java:128)
	at org.springframework.web.socket.sockjs.client.SockJsClient.getServerInfo(SockJsClient.java:294)
	at org.springframework.web.socket.sockjs.client.SockJsClient.doHandshake(SockJsClient.java:260)
	at org.springframework.web.socket.messaging.WebSocketStompClient.connect(WebSocketStompClient.java:270)
	at org.springframework.web.socket.messaging.WebSocketStompClient.connect(WebSocketStompClient.java:250)
	at org.springframework.web.socket.messaging.WebSocketStompClient.connect(WebSocketStompClient.java:230)
	at org.springframework.web.socket.messaging.WebSocketStompClient.connect(WebSocketStompClient.java:214)
	... 1 more
Caused by: java.net.ConnectException: Connection refused
	at java.base/sun.nio.ch.Net.connect0(Native Method)
	at java.base/sun.nio.ch.Net.connect(Net.java:574)
	at java.base/sun.nio.ch.Net.connect(Net.java:563)
	at java.base/sun.nio.ch.NioSocketImpl.connect(NioSocketImpl.java:588)
	at java.base/java.net.Socket.connect(Socket.java:648)
	at java.base/java.net.Socket.connect(Socket.java:597)
	at java.base/sun.net.NetworkClient.doConnect(NetworkClient.java:182)
	at java.base/sun.net.www.http.HttpClient.openServer(HttpClient.java:474)
	at java.base/sun.net.www.http.HttpClient.openServer(HttpClient.java:569)
	at java.base/sun.net.www.http.HttpClient.<init>(HttpClient.java:242)
	at java.base/sun.net.www.http.HttpClient.New(HttpClient.java:341)
	at java.base/sun.net.www.http.HttpClient.New(HttpClient.java:362)
	at java.base/sun.net.www.protocol.http.HttpURLConnection.getNewHttpClient(HttpURLConnection.java:1261)
	at java.base/sun.net.www.protocol.http.HttpURLConnection.plainConnect0(HttpURLConnection.java:1194)
	at java.base/sun.net.www.protocol.http.HttpURLConnection.plainConnect(HttpURLConnection.java:1082)
	at java.base/sun.net.www.protocol.http.HttpURLConnection.connect(HttpURLConnection.java:1016)
	at org.springframework.http.client.SimpleBufferingClientHttpRequest.executeInternal(SimpleBufferingClientHttpRequest.java:76)
	at org.springframework.http.client.AbstractBufferingClientHttpRequest.executeInternal(AbstractBufferingClientHttpRequest.java:48)
	at org.springframework.http.client.AbstractClientHttpRequest.execute(AbstractClientHttpRequest.java:53)
	at org.springframework.web.client.RestTemplate.doExecute(RestTemplate.java:742)
	... 10 more
2021-02-23 02:14:08 INFO  ClientConnectionSTOMP:23 - Starting websocket java application
2021-02-23 02:14:09 ERROR ClientConnectionSTOMP:40 - Some error has occured while establishing socket connection
2021-02-23 02:14:09 ERROR ClientConnectionSTOMP:41 - class java.util.concurrent.ExecutionException: org.springframework.web.client.ResourceAccessException: I/O error on GET request for "http://192.168.0.110:8091/ws/info": Connection refused; nested exception is java.net.ConnectException: Connection refused: org.springframework.web.client.ResourceAccessException: I/O error on GET request for "http://192.168.0.110:8091/ws/info": Connection refused; nested exception is java.net.ConnectException: Connection refused
java.util.concurrent.ExecutionException: org.springframework.web.client.ResourceAccessException: I/O error on GET request for "http://192.168.0.110:8091/ws/info": Connection refused; nested exception is java.net.ConnectException: Connection refused
	at java.base/java.util.concurrent.FutureTask.report(FutureTask.java:122)
	at java.base/java.util.concurrent.FutureTask.get(FutureTask.java:191)
	at org.springframework.util.concurrent.SettableListenableFuture.get(SettableListenableFuture.java:119)
	at com.websocket.serverapp.ClientConnectionSTOMP.main(ClientConnectionSTOMP.java:35)
Caused by: org.springframework.web.client.ResourceAccessException: I/O error on GET request for "http://192.168.0.110:8091/ws/info": Connection refused; nested exception is java.net.ConnectException: Connection refused
	at org.springframework.web.client.RestTemplate.doExecute(RestTemplate.java:751)
	at org.springframework.web.client.RestTemplate.execute(RestTemplate.java:717)
	at org.springframework.web.socket.sockjs.client.RestTemplateXhrTransport.executeInfoRequestInternal(RestTemplateXhrTransport.java:138)
	at org.springframework.web.socket.sockjs.client.AbstractXhrTransport.executeInfoRequest(AbstractXhrTransport.java:128)
	at org.springframework.web.socket.sockjs.client.SockJsClient.getServerInfo(SockJsClient.java:294)
	at org.springframework.web.socket.sockjs.client.SockJsClient.doHandshake(SockJsClient.java:260)
	at org.springframework.web.socket.messaging.WebSocketStompClient.connect(WebSocketStompClient.java:270)
	at org.springframework.web.socket.messaging.WebSocketStompClient.connect(WebSocketStompClient.java:250)
	at org.springframework.web.socket.messaging.WebSocketStompClient.connect(WebSocketStompClient.java:230)
	at org.springframework.web.socket.messaging.WebSocketStompClient.connect(WebSocketStompClient.java:214)
	... 1 more
Caused by: java.net.ConnectException: Connection refused
	at java.base/sun.nio.ch.Net.connect0(Native Method)
	at java.base/sun.nio.ch.Net.connect(Net.java:574)
	at java.base/sun.nio.ch.Net.connect(Net.java:563)
	at java.base/sun.nio.ch.NioSocketImpl.connect(NioSocketImpl.java:588)
	at java.base/java.net.Socket.connect(Socket.java:648)
	at java.base/java.net.Socket.connect(Socket.java:597)
	at java.base/sun.net.NetworkClient.doConnect(NetworkClient.java:182)
	at java.base/sun.net.www.http.HttpClient.openServer(HttpClient.java:474)
	at java.base/sun.net.www.http.HttpClient.openServer(HttpClient.java:569)
	at java.base/sun.net.www.http.HttpClient.<init>(HttpClient.java:242)
	at java.base/sun.net.www.http.HttpClient.New(HttpClient.java:341)
	at java.base/sun.net.www.http.HttpClient.New(HttpClient.java:362)
	at java.base/sun.net.www.protocol.http.HttpURLConnection.getNewHttpClient(HttpURLConnection.java:1261)
	at java.base/sun.net.www.protocol.http.HttpURLConnection.plainConnect0(HttpURLConnection.java:1194)
	at java.base/sun.net.www.protocol.http.HttpURLConnection.plainConnect(HttpURLConnection.java:1082)
	at java.base/sun.net.www.protocol.http.HttpURLConnection.connect(HttpURLConnection.java:1016)
	at org.springframework.http.client.SimpleBufferingClientHttpRequest.executeInternal(SimpleBufferingClientHttpRequest.java:76)
	at org.springframework.http.client.AbstractBufferingClientHttpRequest.executeInternal(AbstractBufferingClientHttpRequest.java:48)
	at org.springframework.http.client.AbstractClientHttpRequest.execute(AbstractClientHttpRequest.java:53)
	at org.springframework.web.client.RestTemplate.doExecute(RestTemplate.java:742)
	... 10 more
2021-02-23 03:07:51 INFO  ClientConnectionSTOMP:22 - Starting websocket java application
2021-02-23 03:07:52 ERROR ClientConnectionSTOMP:39 - Some error has occured while establishing socket connection
2021-02-23 03:07:52 ERROR ClientConnectionSTOMP:40 - class java.util.concurrent.ExecutionException: org.springframework.web.client.ResourceAccessException: I/O error on GET request for "http://192.168.0.110:8091/ws/info": Connection refused; nested exception is java.net.ConnectException: Connection refused: org.springframework.web.client.ResourceAccessException: I/O error on GET request for "http://192.168.0.110:8091/ws/info": Connection refused; nested exception is java.net.ConnectException: Connection refused
java.util.concurrent.ExecutionException: org.springframework.web.client.ResourceAccessException: I/O error on GET request for "http://192.168.0.110:8091/ws/info": Connection refused; nested exception is java.net.ConnectException: Connection refused
	at java.base/java.util.concurrent.FutureTask.report(FutureTask.java:122)
	at java.base/java.util.concurrent.FutureTask.get(FutureTask.java:191)
	at org.springframework.util.concurrent.SettableListenableFuture.get(SettableListenableFuture.java:119)
	at com.websocket.serverapp.ClientConnectionSTOMP.main(ClientConnectionSTOMP.java:34)
Caused by: org.springframework.web.client.ResourceAccessException: I/O error on GET request for "http://192.168.0.110:8091/ws/info": Connection refused; nested exception is java.net.ConnectException: Connection refused
	at org.springframework.web.client.RestTemplate.doExecute(RestTemplate.java:751)
	at org.springframework.web.client.RestTemplate.execute(RestTemplate.java:717)
	at org.springframework.web.socket.sockjs.client.RestTemplateXhrTransport.executeInfoRequestInternal(RestTemplateXhrTransport.java:138)
	at org.springframework.web.socket.sockjs.client.AbstractXhrTransport.executeInfoRequest(AbstractXhrTransport.java:128)
	at org.springframework.web.socket.sockjs.client.SockJsClient.getServerInfo(SockJsClient.java:294)
	at org.springframework.web.socket.sockjs.client.SockJsClient.doHandshake(SockJsClient.java:260)
	at org.springframework.web.socket.messaging.WebSocketStompClient.connect(WebSocketStompClient.java:270)
	at org.springframework.web.socket.messaging.WebSocketStompClient.connect(WebSocketStompClient.java:250)
	at org.springframework.web.socket.messaging.WebSocketStompClient.connect(WebSocketStompClient.java:230)
	at org.springframework.web.socket.messaging.WebSocketStompClient.connect(WebSocketStompClient.java:214)
	... 1 more
Caused by: java.net.ConnectException: Connection refused
	at java.base/sun.nio.ch.Net.connect0(Native Method)
	at java.base/sun.nio.ch.Net.connect(Net.java:574)
	at java.base/sun.nio.ch.Net.connect(Net.java:563)
	at java.base/sun.nio.ch.NioSocketImpl.connect(NioSocketImpl.java:588)
	at java.base/java.net.Socket.connect(Socket.java:648)
	at java.base/java.net.Socket.connect(Socket.java:597)
	at java.base/sun.net.NetworkClient.doConnect(NetworkClient.java:182)
	at java.base/sun.net.www.http.HttpClient.openServer(HttpClient.java:474)
	at java.base/sun.net.www.http.HttpClient.openServer(HttpClient.java:569)
	at java.base/sun.net.www.http.HttpClient.<init>(HttpClient.java:242)
	at java.base/sun.net.www.http.HttpClient.New(HttpClient.java:341)
	at java.base/sun.net.www.http.HttpClient.New(HttpClient.java:362)
	at java.base/sun.net.www.protocol.http.HttpURLConnection.getNewHttpClient(HttpURLConnection.java:1261)
	at java.base/sun.net.www.protocol.http.HttpURLConnection.plainConnect0(HttpURLConnection.java:1194)
	at java.base/sun.net.www.protocol.http.HttpURLConnection.plainConnect(HttpURLConnection.java:1082)
	at java.base/sun.net.www.protocol.http.HttpURLConnection.connect(HttpURLConnection.java:1016)
	at org.springframework.http.client.SimpleBufferingClientHttpRequest.executeInternal(SimpleBufferingClientHttpRequest.java:76)
	at org.springframework.http.client.AbstractBufferingClientHttpRequest.executeInternal(AbstractBufferingClientHttpRequest.java:48)
	at org.springframework.http.client.AbstractClientHttpRequest.execute(AbstractClientHttpRequest.java:53)
	at org.springframework.web.client.RestTemplate.doExecute(RestTemplate.java:742)
	... 10 more
